<?xml version="1.0" encoding="UTF-8"?>
<TestRun id="73ee2aa2-5344-4d66-9f33-6a1a093b5150" name="rene.ederer@DEFU2DT034 2016-04-14 10:30:45" runUser="PHOENIX\rene.ederer" xmlns="http://microsoft.com/schemas/VisualStudio/TeamTest/2010">
  <TestSettings name="Local" id="5fdf143e-7b2a-4acc-8b36-ff5a8a147335">
    <Description>These are default test settings for a local test run.</Description>
    <Deployment enabled="false" runDeploymentRoot="rene.ederer_DEFU2DT034 2016-04-14 10_30_45">
      <DeploymentItem filename="C:\Users\rene.ederer\Desktop\abschlussprojekt\trunk\1920Parser\1920Parser\bin\Debug\1920Parser.exe" />
    </Deployment>
    <Execution>
      <TestTypeSpecific />
      <AgentRule name="Execution Agents">
      </AgentRule>
    </Execution>
  </TestSettings>
  <Times creation="2016-04-14T10:30:45.1757020+02:00" queuing="2016-04-14T10:30:46.0547899+02:00" start="2016-04-14T10:30:46.1507995+02:00" finish="2016-04-14T10:30:50.2852129+02:00" />
  <ResultSummary outcome="Failed">
    <Counters total="12" executed="12" passed="9" error="0" failed="3" timeout="0" aborted="0" inconclusive="0" passedButRunAborted="0" notRunnable="0" notExecuted="0" disconnected="0" warning="0" completed="0" inProgress="0" pending="0" />
  </ResultSummary>
  <TestDefinitions>
    <UnitTest name="parseTest5" storage="c:\users\rene.ederer\desktop\abschlussprojekt\trunk\1920parser\1920parsertest\bin\debug\1920parsertest.dll" id="6be285e0-bb79-d050-8355-3cb953a60702">
      <Execution id="dd777875-1560-4885-9cac-5343d1903746" />
      <TestMethod codeBase="C:/Users/rene.ederer/Desktop/abschlussprojekt/trunk/1920Parser/1920ParserTest/bin/Debug/1920ParserTest.DLL" adapterTypeName="Microsoft.VisualStudio.TestTools.TestTypes.Unit.UnitTestAdapter, Microsoft.VisualStudio.QualityTools.Tips.UnitTest.Adapter, Version=10.0.0.0, Culture=neutral, PublicKeyToken=b03f5f7f11d50a3a" className="_1920ParserTest.SchemaTest, 1920ParserTest, Version=1.0.0.0, Culture=neutral, PublicKeyToken=null" name="parseTest5" />
    </UnitTest>
    <UnitTest name="parseTest1" storage="c:\users\rene.ederer\desktop\abschlussprojekt\trunk\1920parser\1920parsertest\bin\debug\1920parsertest.dll" id="fc035e30-09db-b3c2-2668-8fad0063e4b8">
      <Execution id="386860cd-1a93-4787-9a58-7852b6b498c2" />
      <TestMethod codeBase="C:/Users/rene.ederer/Desktop/abschlussprojekt/trunk/1920Parser/1920ParserTest/bin/Debug/1920ParserTest.DLL" adapterTypeName="Microsoft.VisualStudio.TestTools.TestTypes.Unit.UnitTestAdapter, Microsoft.VisualStudio.QualityTools.Tips.UnitTest.Adapter, Version=10.0.0.0, Culture=neutral, PublicKeyToken=b03f5f7f11d50a3a" className="_1920ParserTest.SchemaTest, 1920ParserTest, Version=1.0.0.0, Culture=neutral, PublicKeyToken=null" name="parseTest1" />
    </UnitTest>
    <UnitTest name="GroupNodesWithEqualValuesAndEqualChildrenAreEqualTest" storage="c:\users\rene.ederer\desktop\abschlussprojekt\trunk\1920parser\1920parsertest\bin\debug\1920parsertest.dll" id="a279bd52-9691-0fb2-df5c-f4ab461b51ab">
      <Execution id="04b6f65b-6136-4cf4-b5bd-d9545f7b2016" />
      <TestMethod codeBase="C:/Users/rene.ederer/Desktop/abschlussprojekt/trunk/1920Parser/1920ParserTest/bin/Debug/1920ParserTest.DLL" adapterTypeName="Microsoft.VisualStudio.TestTools.TestTypes.Unit.UnitTestAdapter, Microsoft.VisualStudio.QualityTools.Tips.UnitTest.Adapter, Version=10.0.0.0, Culture=neutral, PublicKeyToken=b03f5f7f11d50a3a" className="_1920ParserTest.GroupNodeTest, 1920ParserTest, Version=1.0.0.0, Culture=neutral, PublicKeyToken=null" name="GroupNodesWithEqualValuesAndEqualChildrenAreEqualTest" />
    </UnitTest>
    <UnitTest name="parseTest4" storage="c:\users\rene.ederer\desktop\abschlussprojekt\trunk\1920parser\1920parsertest\bin\debug\1920parsertest.dll" id="229263ac-20fb-933f-adcf-6c3ef6ff642a">
      <Execution id="5c145590-b91e-4c6d-b295-23d4ad8e0a2c" />
      <TestMethod codeBase="C:/Users/rene.ederer/Desktop/abschlussprojekt/trunk/1920Parser/1920ParserTest/bin/Debug/1920ParserTest.DLL" adapterTypeName="Microsoft.VisualStudio.TestTools.TestTypes.Unit.UnitTestAdapter, Microsoft.VisualStudio.QualityTools.Tips.UnitTest.Adapter, Version=10.0.0.0, Culture=neutral, PublicKeyToken=b03f5f7f11d50a3a" className="_1920ParserTest.SchemaTest, 1920ParserTest, Version=1.0.0.0, Culture=neutral, PublicKeyToken=null" name="parseTest4" />
    </UnitTest>
    <UnitTest name="GroupNodesWithEqualValuesAndDifferentChildrenAreNotEqualTest" storage="c:\users\rene.ederer\desktop\abschlussprojekt\trunk\1920parser\1920parsertest\bin\debug\1920parsertest.dll" id="7fc7de51-49a8-e734-c1ee-8be35e8a0ac9">
      <Execution id="cfb73c12-f1ee-4404-8fa2-036e4dda06db" />
      <TestMethod codeBase="C:/Users/rene.ederer/Desktop/abschlussprojekt/trunk/1920Parser/1920ParserTest/bin/Debug/1920ParserTest.DLL" adapterTypeName="Microsoft.VisualStudio.TestTools.TestTypes.Unit.UnitTestAdapter, Microsoft.VisualStudio.QualityTools.Tips.UnitTest.Adapter, Version=10.0.0.0, Culture=neutral, PublicKeyToken=b03f5f7f11d50a3a" className="_1920ParserTest.GroupNodeTest, 1920ParserTest, Version=1.0.0.0, Culture=neutral, PublicKeyToken=null" name="GroupNodesWithEqualValuesAndDifferentChildrenAreNotEqualTest" />
    </UnitTest>
    <UnitTest name="SchemaConstructorTest" storage="c:\users\rene.ederer\desktop\abschlussprojekt\trunk\1920parser\1920parsertest\bin\debug\1920parsertest.dll" id="281bc8cd-88d6-3995-3009-5042d9bd82cc">
      <Execution id="f067dfee-e9d5-4aeb-afff-438b13be27f5" />
      <TestMethod codeBase="C:/Users/rene.ederer/Desktop/abschlussprojekt/trunk/1920Parser/1920ParserTest/bin/Debug/1920ParserTest.DLL" adapterTypeName="Microsoft.VisualStudio.TestTools.TestTypes.Unit.UnitTestAdapter, Microsoft.VisualStudio.QualityTools.Tips.UnitTest.Adapter, Version=10.0.0.0, Culture=neutral, PublicKeyToken=b03f5f7f11d50a3a" className="_1920ParserTest.SchemaTest, 1920ParserTest, Version=1.0.0.0, Culture=neutral, PublicKeyToken=null" name="SchemaConstructorTest" />
    </UnitTest>
    <UnitTest name="parseTest3" storage="c:\users\rene.ederer\desktop\abschlussprojekt\trunk\1920parser\1920parsertest\bin\debug\1920parsertest.dll" id="24b77d83-1bd8-2cb9-dde3-e4b84ea83c59">
      <Execution id="cd635caf-e987-44e2-8235-2984af86ec02" />
      <TestMethod codeBase="C:/Users/rene.ederer/Desktop/abschlussprojekt/trunk/1920Parser/1920ParserTest/bin/Debug/1920ParserTest.DLL" adapterTypeName="Microsoft.VisualStudio.TestTools.TestTypes.Unit.UnitTestAdapter, Microsoft.VisualStudio.QualityTools.Tips.UnitTest.Adapter, Version=10.0.0.0, Culture=neutral, PublicKeyToken=b03f5f7f11d50a3a" className="_1920ParserTest.SchemaTest, 1920ParserTest, Version=1.0.0.0, Culture=neutral, PublicKeyToken=null" name="parseTest3" />
    </UnitTest>
    <UnitTest name="parseTest6" storage="c:\users\rene.ederer\desktop\abschlussprojekt\trunk\1920parser\1920parsertest\bin\debug\1920parsertest.dll" id="54791b1f-78c0-039f-9fa1-9569e5ca54ad">
      <Execution id="898f1e5d-5dc1-457a-bb6e-d51f183d2ae0" />
      <TestMethod codeBase="C:/Users/rene.ederer/Desktop/abschlussprojekt/trunk/1920Parser/1920ParserTest/bin/Debug/1920ParserTest.DLL" adapterTypeName="Microsoft.VisualStudio.TestTools.TestTypes.Unit.UnitTestAdapter, Microsoft.VisualStudio.QualityTools.Tips.UnitTest.Adapter, Version=10.0.0.0, Culture=neutral, PublicKeyToken=b03f5f7f11d50a3a" className="_1920ParserTest.SchemaTest, 1920ParserTest, Version=1.0.0.0, Culture=neutral, PublicKeyToken=null" name="parseTest6" />
    </UnitTest>
    <UnitTest name="ValueNodesWithDifferentAttributeValuesAreNotEqual" storage="c:\users\rene.ederer\desktop\abschlussprojekt\trunk\1920parser\1920parsertest\bin\debug\1920parsertest.dll" id="6e6bd8bb-cdbf-56b8-7471-fafb933a866a">
      <Execution id="3594930f-b65f-4432-aee5-2b27593f564f" />
      <TestMethod codeBase="C:/Users/rene.ederer/Desktop/abschlussprojekt/trunk/1920Parser/1920ParserTest/bin/Debug/1920ParserTest.DLL" adapterTypeName="Microsoft.VisualStudio.TestTools.TestTypes.Unit.UnitTestAdapter, Microsoft.VisualStudio.QualityTools.Tips.UnitTest.Adapter, Version=10.0.0.0, Culture=neutral, PublicKeyToken=b03f5f7f11d50a3a" className="_1920ParserTest.ValueNodeTest, 1920ParserTest, Version=1.0.0.0, Culture=neutral, PublicKeyToken=null" name="ValueNodesWithDifferentAttributeValuesAreNotEqual" />
    </UnitTest>
    <UnitTest name="GrouptAssignValueTest" storage="c:\users\rene.ederer\desktop\abschlussprojekt\trunk\1920parser\1920parsertest\bin\debug\1920parsertest.dll" id="065b8fc4-d81f-c482-fcc4-3e7983908bcc">
      <Execution id="6655de40-a29d-4f43-aa0c-670450417d37" />
      <TestMethod codeBase="C:/Users/rene.ederer/Desktop/abschlussprojekt/trunk/1920Parser/1920ParserTest/bin/Debug/1920ParserTest.DLL" adapterTypeName="Microsoft.VisualStudio.TestTools.TestTypes.Unit.UnitTestAdapter, Microsoft.VisualStudio.QualityTools.Tips.UnitTest.Adapter, Version=10.0.0.0, Culture=neutral, PublicKeyToken=b03f5f7f11d50a3a" className="_1920ParserTest.GroupNodeTest, 1920ParserTest, Version=1.0.0.0, Culture=neutral, PublicKeyToken=null" name="GrouptAssignValueTest" />
    </UnitTest>
    <UnitTest name="parseTest2" storage="c:\users\rene.ederer\desktop\abschlussprojekt\trunk\1920parser\1920parsertest\bin\debug\1920parsertest.dll" id="00148ed8-920f-ad73-9df0-d7607b5c27c6">
      <Execution id="284b36e5-8013-4f32-805c-df837af7483c" />
      <TestMethod codeBase="C:/Users/rene.ederer/Desktop/abschlussprojekt/trunk/1920Parser/1920ParserTest/bin/Debug/1920ParserTest.DLL" adapterTypeName="Microsoft.VisualStudio.TestTools.TestTypes.Unit.UnitTestAdapter, Microsoft.VisualStudio.QualityTools.Tips.UnitTest.Adapter, Version=10.0.0.0, Culture=neutral, PublicKeyToken=b03f5f7f11d50a3a" className="_1920ParserTest.SchemaTest, 1920ParserTest, Version=1.0.0.0, Culture=neutral, PublicKeyToken=null" name="parseTest2" />
    </UnitTest>
    <UnitTest name="ValueNodesWithSamAeattributeValuesAreEqual" storage="c:\users\rene.ederer\desktop\abschlussprojekt\trunk\1920parser\1920parsertest\bin\debug\1920parsertest.dll" id="1e2a12f1-a0d8-d597-c9a5-5e66af3ed8c6">
      <Execution id="f8c53927-5c48-4363-a4de-e6b0a52d0f14" />
      <TestMethod codeBase="C:/Users/rene.ederer/Desktop/abschlussprojekt/trunk/1920Parser/1920ParserTest/bin/Debug/1920ParserTest.DLL" adapterTypeName="Microsoft.VisualStudio.TestTools.TestTypes.Unit.UnitTestAdapter, Microsoft.VisualStudio.QualityTools.Tips.UnitTest.Adapter, Version=10.0.0.0, Culture=neutral, PublicKeyToken=b03f5f7f11d50a3a" className="_1920ParserTest.ValueNodeTest, 1920ParserTest, Version=1.0.0.0, Culture=neutral, PublicKeyToken=null" name="ValueNodesWithSamAeattributeValuesAreEqual" />
    </UnitTest>
  </TestDefinitions>
  <TestLists>
    <TestList name="Results Not in a List" id="8c84fa94-04c1-424b-9868-57a2d4851a1d" />
    <TestList name="All Loaded Results" id="19431567-8539-422a-85d7-44ee4e166bda" />
  </TestLists>
  <TestEntries>
    <TestEntry testId="00148ed8-920f-ad73-9df0-d7607b5c27c6" executionId="284b36e5-8013-4f32-805c-df837af7483c" testListId="8c84fa94-04c1-424b-9868-57a2d4851a1d" />
    <TestEntry testId="065b8fc4-d81f-c482-fcc4-3e7983908bcc" executionId="6655de40-a29d-4f43-aa0c-670450417d37" testListId="8c84fa94-04c1-424b-9868-57a2d4851a1d" />
    <TestEntry testId="1e2a12f1-a0d8-d597-c9a5-5e66af3ed8c6" executionId="f8c53927-5c48-4363-a4de-e6b0a52d0f14" testListId="8c84fa94-04c1-424b-9868-57a2d4851a1d" />
    <TestEntry testId="229263ac-20fb-933f-adcf-6c3ef6ff642a" executionId="5c145590-b91e-4c6d-b295-23d4ad8e0a2c" testListId="8c84fa94-04c1-424b-9868-57a2d4851a1d" />
    <TestEntry testId="24b77d83-1bd8-2cb9-dde3-e4b84ea83c59" executionId="cd635caf-e987-44e2-8235-2984af86ec02" testListId="8c84fa94-04c1-424b-9868-57a2d4851a1d" />
    <TestEntry testId="281bc8cd-88d6-3995-3009-5042d9bd82cc" executionId="f067dfee-e9d5-4aeb-afff-438b13be27f5" testListId="8c84fa94-04c1-424b-9868-57a2d4851a1d" />
    <TestEntry testId="54791b1f-78c0-039f-9fa1-9569e5ca54ad" executionId="898f1e5d-5dc1-457a-bb6e-d51f183d2ae0" testListId="8c84fa94-04c1-424b-9868-57a2d4851a1d" />
    <TestEntry testId="6be285e0-bb79-d050-8355-3cb953a60702" executionId="dd777875-1560-4885-9cac-5343d1903746" testListId="8c84fa94-04c1-424b-9868-57a2d4851a1d" />
    <TestEntry testId="6e6bd8bb-cdbf-56b8-7471-fafb933a866a" executionId="3594930f-b65f-4432-aee5-2b27593f564f" testListId="8c84fa94-04c1-424b-9868-57a2d4851a1d" />
    <TestEntry testId="7fc7de51-49a8-e734-c1ee-8be35e8a0ac9" executionId="cfb73c12-f1ee-4404-8fa2-036e4dda06db" testListId="8c84fa94-04c1-424b-9868-57a2d4851a1d" />
    <TestEntry testId="a279bd52-9691-0fb2-df5c-f4ab461b51ab" executionId="04b6f65b-6136-4cf4-b5bd-d9545f7b2016" testListId="8c84fa94-04c1-424b-9868-57a2d4851a1d" />
    <TestEntry testId="fc035e30-09db-b3c2-2668-8fad0063e4b8" executionId="386860cd-1a93-4787-9a58-7852b6b498c2" testListId="8c84fa94-04c1-424b-9868-57a2d4851a1d" />
  </TestEntries>
  <Results>
    <UnitTestResult executionId="284b36e5-8013-4f32-805c-df837af7483c" testId="00148ed8-920f-ad73-9df0-d7607b5c27c6" testName="parseTest2" computerName="DEFU2DT034" duration="00:00:00.0181189" startTime="2016-04-14T10:30:46.2578102+02:00" endTime="2016-04-14T10:30:46.7208565+02:00" testType="13cdc9d9-ddb5-4fa4-a97d-d965ccfc6d4b" outcome="Passed" testListId="8c84fa94-04c1-424b-9868-57a2d4851a1d" relativeResultsDirectory="284b36e5-8013-4f32-805c-df837af7483c">
    </UnitTestResult>
    <UnitTestResult executionId="6655de40-a29d-4f43-aa0c-670450417d37" testId="065b8fc4-d81f-c482-fcc4-3e7983908bcc" testName="GrouptAssignValueTest" computerName="DEFU2DT034" duration="00:00:03.3815921" startTime="2016-04-14T10:30:46.7448589+02:00" endTime="2016-04-14T10:30:50.1311975+02:00" testType="13cdc9d9-ddb5-4fa4-a97d-d965ccfc6d4b" outcome="Failed" testListId="8c84fa94-04c1-424b-9868-57a2d4851a1d" relativeResultsDirectory="6655de40-a29d-4f43-aa0c-670450417d37">
      <Output>
        <ErrorInfo>
          <Message>Assert.AreEqual failed. Expected:&lt;_1920Parser.GroupNode&gt;. Actual:&lt;_1920Parser.GroupNode&gt;. </Message>
          <StackTrace>   bei _1920ParserTest.GroupNodeTest.GrouptAssignValueTest() in C:\Users\rene.ederer\Desktop\abschlussprojekt\trunk\1920Parser\1920ParserTest\GroupNodeTest.cs:Zeile 151.
</StackTrace>
        </ErrorInfo>
      </Output>
    </UnitTestResult>
    <UnitTestResult executionId="f8c53927-5c48-4363-a4de-e6b0a52d0f14" testId="1e2a12f1-a0d8-d597-c9a5-5e66af3ed8c6" testName="ValueNodesWithSamAeattributeValuesAreEqual" computerName="DEFU2DT034" duration="00:00:00.0003337" startTime="2016-04-14T10:30:50.1361980+02:00" endTime="2016-04-14T10:30:50.1401984+02:00" testType="13cdc9d9-ddb5-4fa4-a97d-d965ccfc6d4b" outcome="Passed" testListId="8c84fa94-04c1-424b-9868-57a2d4851a1d" relativeResultsDirectory="f8c53927-5c48-4363-a4de-e6b0a52d0f14">
    </UnitTestResult>
    <UnitTestResult executionId="5c145590-b91e-4c6d-b295-23d4ad8e0a2c" testId="229263ac-20fb-933f-adcf-6c3ef6ff642a" testName="parseTest4" computerName="DEFU2DT034" duration="00:00:00.0193240" startTime="2016-04-14T10:30:50.1451989+02:00" endTime="2016-04-14T10:30:50.1682012+02:00" testType="13cdc9d9-ddb5-4fa4-a97d-d965ccfc6d4b" outcome="Failed" testListId="8c84fa94-04c1-424b-9868-57a2d4851a1d" relativeResultsDirectory="5c145590-b91e-4c6d-b295-23d4ad8e0a2c">
      <Output>
        <ErrorInfo>
          <Message>Assert.AreEqual failed. Expected:&lt;_1920Parser.GroupNode&gt;. Actual:&lt;_1920Parser.GroupNode&gt;. </Message>
          <StackTrace>   bei _1920ParserTest.SchemaTest.parseTest4() in C:\Users\rene.ederer\Desktop\abschlussprojekt\trunk\1920Parser\1920ParserTest\SchemaTest.cs:Zeile 163.
</StackTrace>
        </ErrorInfo>
      </Output>
    </UnitTestResult>
    <UnitTestResult executionId="cd635caf-e987-44e2-8235-2984af86ec02" testId="24b77d83-1bd8-2cb9-dde3-e4b84ea83c59" testName="parseTest3" computerName="DEFU2DT034" duration="00:00:00.0003601" startTime="2016-04-14T10:30:50.1712015+02:00" endTime="2016-04-14T10:30:50.1742018+02:00" testType="13cdc9d9-ddb5-4fa4-a97d-d965ccfc6d4b" outcome="Passed" testListId="8c84fa94-04c1-424b-9868-57a2d4851a1d" relativeResultsDirectory="cd635caf-e987-44e2-8235-2984af86ec02">
    </UnitTestResult>
    <UnitTestResult executionId="f067dfee-e9d5-4aeb-afff-438b13be27f5" testId="281bc8cd-88d6-3995-3009-5042d9bd82cc" testName="SchemaConstructorTest" computerName="DEFU2DT034" duration="00:00:00.0001658" startTime="2016-04-14T10:30:50.1782022+02:00" endTime="2016-04-14T10:30:50.1812025+02:00" testType="13cdc9d9-ddb5-4fa4-a97d-d965ccfc6d4b" outcome="Passed" testListId="8c84fa94-04c1-424b-9868-57a2d4851a1d" relativeResultsDirectory="f067dfee-e9d5-4aeb-afff-438b13be27f5">
    </UnitTestResult>
    <UnitTestResult executionId="898f1e5d-5dc1-457a-bb6e-d51f183d2ae0" testId="54791b1f-78c0-039f-9fa1-9569e5ca54ad" testName="parseTest6" computerName="DEFU2DT034" duration="00:00:00.0187648" startTime="2016-04-14T10:30:50.1892033+02:00" endTime="2016-04-14T10:30:50.2112055+02:00" testType="13cdc9d9-ddb5-4fa4-a97d-d965ccfc6d4b" outcome="Failed" testListId="8c84fa94-04c1-424b-9868-57a2d4851a1d" relativeResultsDirectory="898f1e5d-5dc1-457a-bb6e-d51f183d2ae0">
      <Output>
        <ErrorInfo>
          <Message>Assert.AreEqual failed. Expected:&lt;_1920Parser.GroupNode&gt;. Actual:&lt;_1920Parser.GroupNode&gt;. </Message>
          <StackTrace>   bei _1920ParserTest.SchemaTest.parseTest6() in C:\Users\rene.ederer\Desktop\abschlussprojekt\trunk\1920Parser\1920ParserTest\SchemaTest.cs:Zeile 219.
</StackTrace>
        </ErrorInfo>
      </Output>
    </UnitTestResult>
    <UnitTestResult executionId="dd777875-1560-4885-9cac-5343d1903746" testId="6be285e0-bb79-d050-8355-3cb953a60702" testName="parseTest5" computerName="DEFU2DT034" duration="00:00:00.0002933" startTime="2016-04-14T10:30:50.2162060+02:00" endTime="2016-04-14T10:30:50.2222066+02:00" testType="13cdc9d9-ddb5-4fa4-a97d-d965ccfc6d4b" outcome="Passed" testListId="8c84fa94-04c1-424b-9868-57a2d4851a1d" relativeResultsDirectory="dd777875-1560-4885-9cac-5343d1903746">
    </UnitTestResult>
    <UnitTestResult executionId="3594930f-b65f-4432-aee5-2b27593f564f" testId="6e6bd8bb-cdbf-56b8-7471-fafb933a866a" testName="ValueNodesWithDifferentAttributeValuesAreNotEqual" computerName="DEFU2DT034" duration="00:00:00.0002559" startTime="2016-04-14T10:30:50.2252069+02:00" endTime="2016-04-14T10:30:50.2292073+02:00" testType="13cdc9d9-ddb5-4fa4-a97d-d965ccfc6d4b" outcome="Passed" testListId="8c84fa94-04c1-424b-9868-57a2d4851a1d" relativeResultsDirectory="3594930f-b65f-4432-aee5-2b27593f564f">
    </UnitTestResult>
    <UnitTestResult executionId="cfb73c12-f1ee-4404-8fa2-036e4dda06db" testId="7fc7de51-49a8-e734-c1ee-8be35e8a0ac9" testName="GroupNodesWithEqualValuesAndDifferentChildrenAreNotEqualTest" computerName="DEFU2DT034" duration="00:00:00.0003380" startTime="2016-04-14T10:30:50.2342078+02:00" endTime="2016-04-14T10:30:50.2382082+02:00" testType="13cdc9d9-ddb5-4fa4-a97d-d965ccfc6d4b" outcome="Passed" testListId="8c84fa94-04c1-424b-9868-57a2d4851a1d" relativeResultsDirectory="cfb73c12-f1ee-4404-8fa2-036e4dda06db">
    </UnitTestResult>
    <UnitTestResult executionId="04b6f65b-6136-4cf4-b5bd-d9545f7b2016" testId="a279bd52-9691-0fb2-df5c-f4ab461b51ab" testName="GroupNodesWithEqualValuesAndEqualChildrenAreEqualTest" computerName="DEFU2DT034" duration="00:00:00.0003274" startTime="2016-04-14T10:30:50.2422086+02:00" endTime="2016-04-14T10:30:50.2452089+02:00" testType="13cdc9d9-ddb5-4fa4-a97d-d965ccfc6d4b" outcome="Passed" testListId="8c84fa94-04c1-424b-9868-57a2d4851a1d" relativeResultsDirectory="04b6f65b-6136-4cf4-b5bd-d9545f7b2016">
    </UnitTestResult>
    <UnitTestResult executionId="386860cd-1a93-4787-9a58-7852b6b498c2" testId="fc035e30-09db-b3c2-2668-8fad0063e4b8" testName="parseTest1" computerName="DEFU2DT034" duration="00:00:00.0002976" startTime="2016-04-14T10:30:50.2482092+02:00" endTime="2016-04-14T10:30:50.2522096+02:00" testType="13cdc9d9-ddb5-4fa4-a97d-d965ccfc6d4b" outcome="Passed" testListId="8c84fa94-04c1-424b-9868-57a2d4851a1d" relativeResultsDirectory="386860cd-1a93-4787-9a58-7852b6b498c2">
    </UnitTestResult>
  </Results>
</TestRun>